[    0.000000] Initializing cgroup subsys cpuset
[    0.000000] Initializing cgroup subsys cpu
[    0.000000] Initializing cgroup subsys cpuacct
[    0.000000] Linux version 4.4.0-210-generic (buildd@lgw01-amd64-009) (gcc version 5.4.0 20160609 (Ubuntu 5.4.0-6ubuntu1~16.04.12) ) #242-Ubuntu SMP Fri Apr 16 09:57:56 UTC 2021 (Ubuntu 4.4.0-210.242-generic 4.4.262)
[    0.000000] Command line: BOOT_IMAGE=/boot/vmlinuz-4.4.0-210-generic root=LABEL=cloudimg-rootfs ro console=tty1 console=ttyS0
[    0.000000] KERNEL supported cpus:
[    0.000000]   Intel GenuineIntel
[    0.000000]   AMD AuthenticAMD
[    0.000000]   Centaur CentaurHauls
[    0.000000] x86/fpu: Legacy x87 FPU detected.
[    0.000000] e820: BIOS-provided physical RAM map:
[    0.000000] BIOS-e820: [mem 0x0000000000000000-0x000000000009fbff] usable
[    0.000000] BIOS-e820: [mem 0x000000000009fc00-0x000000000009ffff] reserved
[    0.000000] BIOS-e820: [mem 0x00000000000f0000-0x00000000000fffff] reserved
[    0.000000] BIOS-e820: [mem 0x0000000000100000-0x000000003ffeffff] usable
[    0.000000] BIOS-e820: [mem 0x000000003fff0000-0x000000003fffffff] ACPI data
[    0.000000] BIOS-e820: [mem 0x00000000fec00000-0x00000000fec00fff] reserved
[    0.000000] BIOS-e820: [mem 0x00000000fee00000-0x00000000fee00fff] reserved
[    0.000000] BIOS-e820: [mem 0x00000000fffc0000-0x00000000ffffffff] reserved
[    0.000000] NX (Execute Disable) protection: active
[    0.000000] SMBIOS 2.5 present.
[    0.000000] Hypervisor detected: KVM
[    0.000000] Kernel/User page tables isolation: disabled
[    0.000000] e820: last_pfn = 0x3fff0 max_arch_pfn = 0x400000000
[    0.000000] MTRR: Disabled
[    0.000000] x86/PAT: MTRRs disabled, skipping PAT initialization too.
[    0.000000] CPU MTRRs all blank - virtualized system.
[    0.000000] x86/PAT: Configuration [0-7]: WB  WT  UC- UC  WB  WT  UC- UC  
[    0.000000] found SMP MP-table at [mem 0x0009fff0-0x0009ffff] mapped at [ffff88000009fff0]
[    0.000000] Scanning 1 areas for low memory corruption
[    0.000000] RAMDISK: [mem 0x362dc000-0x37165fff]
[    0.000000] ACPI: Early table checksum verification disabled
[    0.000000] ACPI: RSDP 0x00000000000E0000 000024 (v02 VBOX  )
[    0.000000] ACPI: XSDT 0x000000003FFF0030 00003C (v01 VBOX   VBOXXSDT 00000001 ASL  00000061)
[    0.000000] ACPI: FACP 0x000000003FFF00F0 0000F4 (v04 VBOX   VBOXFACP 00000001 ASL  00000061)
[    0.000000] ACPI: DSDT 0x000000003FFF0610 002353 (v02 VBOX   VBOXBIOS 00000002 INTL 20100528)
[    0.000000] ACPI: FACS 0x000000003FFF0200 000040
[    0.000000] ACPI: FACS 0x000000003FFF0200 000040
[    0.000000] ACPI: APIC 0x000000003FFF0240 00005C (v02 VBOX   VBOXAPIC 00000001 ASL  00000061)
[    0.000000] ACPI: SSDT 0x000000003FFF02A0 00036C (v01 VBOX   VBOXCPUT 00000002 INTL 20100528)
[    0.000000] No NUMA configuration found
[    0.000000] Faking a node at [mem 0x0000000000000000-0x000000003ffeffff]
[    0.000000] NODE_DATA(0) allocated [mem 0x3ffeb000-0x3ffeffff]
[    0.000000] kvm-clock: Using msrs 4b564d01 and 4b564d00
[    0.000000] kvm-clock: cpu 0, msr 0:3ffe3001, primary cpu clock
[    0.000000] kvm-clock: using sched offset of 3145321918 cycles
[    0.000000] clocksource: kvm-clock: mask: 0xffffffffffffffff max_cycles: 0x1cd42e4dffb, max_idle_ns: 881590591483 ns
[    0.000000] Zone ranges:
[    0.000000]   DMA      [mem 0x0000000000001000-0x0000000000ffffff]
[    0.000000]   DMA32    [mem 0x0000000001000000-0x000000003ffeffff]
[    0.000000]   Normal   empty
[    0.000000]   Device   empty
[    0.000000] Movable zone start for each node
[    0.000000] Early memory node ranges
[    0.000000]   node   0: [mem 0x0000000000001000-0x000000000009efff]
[    0.000000]   node   0: [mem 0x0000000000100000-0x000000003ffeffff]
[    0.000000] Initmem setup node 0 [mem 0x0000000000001000-0x000000003ffeffff]
[    0.000000] ACPI: PM-Timer IO Port: 0x4008
[    0.000000] IOAPIC[0]: apic_id 2, version 32, address 0xfec00000, GSI 0-23
[    0.000000] ACPI: INT_SRC_OVR (bus 0 bus_irq 0 global_irq 2 dfl dfl)
[    0.000000] ACPI: INT_SRC_OVR (bus 0 bus_irq 9 global_irq 9 low level)
[    0.000000] Using ACPI (MADT) for SMP configuration information
[    0.000000] smpboot: Allowing 2 CPUs, 0 hotplug CPUs
[    0.000000] PM: Registered nosave memory: [mem 0x00000000-0x00000fff]
[    0.000000] PM: Registered nosave memory: [mem 0x0009f000-0x0009ffff]
[    0.000000] PM: Registered nosave memory: [mem 0x000a0000-0x000effff]
[    0.000000] PM: Registered nosave memory: [mem 0x000f0000-0x000fffff]
[    0.000000] e820: [mem 0x40000000-0xfebfffff] available for PCI devices
[    0.000000] Booting paravirtualized kernel on KVM
[    0.000000] clocksource: refined-jiffies: mask: 0xffffffff max_cycles: 0xffffffff, max_idle_ns: 7645519600211568 ns
[    0.000000] setup_percpu: NR_CPUS:512 nr_cpumask_bits:512 nr_cpu_ids:2 nr_node_ids:1
[    0.000000] PERCPU: Embedded 33 pages/cpu @ffff88003fc00000 s95192 r8192 d31784 u1048576
[    0.000000] Built 1 zonelists in Node order, mobility grouping on.  Total pages: 257912
[    0.000000] Policy zone: DMA32
[    0.000000] Kernel command line: BOOT_IMAGE=/boot/vmlinuz-4.4.0-210-generic root=LABEL=cloudimg-rootfs ro console=tty1 console=ttyS0
[    0.000000] PID hash table entries: 4096 (order: 3, 32768 bytes)
[    0.000000] Memory: 997792K/1048120K available (8644K kernel code, 1332K rwdata, 4044K rodata, 1492K init, 1164K bss, 50328K reserved, 0K cma-reserved)
[    0.000000] SLUB: HWalign=64, Order=0-3, MinObjects=0, CPUs=2, Nodes=1
[    0.000000] Hierarchical RCU implementation.
[    0.000000] 	Build-time adjustment of leaf fanout to 64.
[    0.000000] 	RCU restricting CPUs from NR_CPUS=512 to nr_cpu_ids=2.
[    0.000000] RCU: Adjusting geometry for rcu_fanout_leaf=64, nr_cpu_ids=2
[    0.000000] NR_IRQS:33024 nr_irqs:440 16
[    0.000000] Console: colour VGA+ 80x25
[    0.000000] console [tty1] enabled
[    0.000000] console [ttyS0] enabled
[    0.000000] tsc: Detected 2803.436 MHz processor
[    0.329762] Calibrating delay loop (skipped) preset value.. 5606.87 BogoMIPS (lpj=11213744)
[    0.334258] pid_max: default: 32768 minimum: 301
[    0.336666] ACPI: Core revision 20150930
[    0.339504] ACPI: 2 ACPI AML tables successfully acquired and loaded
[    0.343271] Security Framework initialized
[    0.345465] Yama: becoming mindful.
[    0.347524] AppArmor: AppArmor initialized
[    0.349986] Dentry cache hash table entries: 131072 (order: 8, 1048576 bytes)
[    0.355766] Inode-cache hash table entries: 65536 (order: 7, 524288 bytes)
[    0.360899] Mount-cache hash table entries: 2048 (order: 2, 16384 bytes)
[    0.366702] Mountpoint-cache hash table entries: 2048 (order: 2, 16384 bytes)
[    0.370873] Initializing cgroup subsys io
[    0.373133] Initializing cgroup subsys memory
[    0.375446] Initializing cgroup subsys devices
[    0.378031] Initializing cgroup subsys freezer
[    0.380458] Initializing cgroup subsys net_cls
[    0.384289] Initializing cgroup subsys perf_event
[    0.388232] Initializing cgroup subsys net_prio
[    0.392101] Initializing cgroup subsys hugetlb
[    0.395787] Initializing cgroup subsys pids
[    0.427850] mce: CPU supports 0 MCE banks
[    0.432663] Last level iTLB entries: 4KB 0, 2MB 0, 4MB 0
[    0.435745] Last level dTLB entries: 4KB 0, 2MB 0, 4MB 0, 1GB 0
[    0.440946] Spectre V1 : Mitigation: usercopy/swapgs barriers and __user pointer sanitization
[    0.445401] Spectre V2 : Mitigation: Enhanced IBRS
[    0.447903] Spectre V2 : Spectre v2 / SpectreRSB mitigation: Filling RSB on context switch
[    0.454997] Speculative Store Bypass: Vulnerable
[    0.479472] Freeing SMP alternatives memory: 36K
[    0.527817] ftrace: allocating 32380 entries in 127 pages
[    0.841235] smpboot: APIC(0) Converting physical 0 to logical package 0
[    0.845234] smpboot: Max logical packages: 1
[    0.854959] ..TIMER: vector=0x30 apic1=0 pin1=2 apic2=-1 pin2=-1
[    0.966825] APIC calibration not consistent with PM-Timer: 101ms instead of 100ms
[    0.971223] APIC delta adjusted to PM-Timer: 6330929 (6400543)
[    0.974390] smpboot: CPU0: 11th Gen Intel(R) Core(TM) i7-1165G7 @ 2.80GHz (family: 0x6, model: 0x8c, stepping: 0x1)
[    0.980051] Performance Events: unsupported p6 CPU model 140 no PMU driver, software events only.
[    1.031393] KVM setup paravirtual spinlock
[    1.035906] x86: Booting SMP configuration:
[    1.038293] .... node  #0, CPUs:      #1
[    1.041444] kvm-clock: cpu 1, msr 0:3ffe3041, secondary cpu clock
[    1.069457] mce: CPU supports 0 MCE banks
[    1.073569] TSC synchronization [CPU#0 -> CPU#1]:
[    1.076216] Measured 62842 cycles TSC warp between CPUs, turning off TSC clock.
[    1.080173] tsc: Marking TSC unstable due to check_tsc_sync_source failed
[    0.361298] x86: Booted up 1 node, 2 CPUs
[    0.363376] smpboot: Total of 2 processors activated (11213.74 BogoMIPS)
[    0.369010] devtmpfs: initialized
[    0.372888] evm: security.selinux
[    0.374573] evm: security.SMACK64
[    0.376002] evm: security.SMACK64EXEC
[    0.377841] evm: security.SMACK64TRANSMUTE
[    0.380001] evm: security.SMACK64MMAP
[    0.381860] evm: security.ima
[    0.384001] evm: security.capability
[    0.385962] clocksource: jiffies: mask: 0xffffffff max_cycles: 0xffffffff, max_idle_ns: 7645041785100000 ns
[    0.392101] futex hash table entries: 512 (order: 3, 32768 bytes)
[    0.396204] pinctrl core: initialized pinctrl subsystem
[    0.400268] RTC time: 13:06:18, date: 02/27/23
[    0.404857] NET: Registered protocol family 16
[    0.420008] cpuidle: using governor ladder
[    0.432007] cpuidle: using governor menu
[    0.434291] PCCT header not found.
[    0.436265] ACPI: bus type PCI registered
[    0.440004] acpiphp: ACPI Hot Plug PCI Controller Driver version: 0.5
[    0.444105] PCI: Using configuration type 1 for base access
[    0.464158] ACPI: Added _OSI(Module Device)
[    0.466516] ACPI: Added _OSI(Processor Device)
[    0.468002] ACPI: Added _OSI(3.0 _SCP Extensions)
[    0.470568] ACPI: Added _OSI(Processor Aggregator Device)
[    0.472830] ACPI: Executed 1 blocks of module-level executable AML code
[    0.481583] ACPI: Interpreter enabled
[    0.483443] ACPI: (supports S0 S5)
[    0.484002] ACPI: Using IOAPIC for interrupt routing
[    0.488100] PCI: Using host bridge windows from ACPI; if necessary, use "pci=nocrs" and report a bug
[    0.496859] ACPI: PCI Root Bridge [PCI0] (domain 0000 [bus 00-ff])
[    0.500005] acpi PNP0A03:00: _OSC: OS supports [ASPM ClockPM Segments MSI]
[    0.504006] acpi PNP0A03:00: _OSC: not requesting OS control; OS requires [ExtendedConfig ASPM ClockPM MSI]
[    0.508006] acpi PNP0A03:00: fail to add MMCONFIG information, can't access extended PCI configuration space under this bridge.
[    0.512379] PCI host bridge to bus 0000:00
[    0.516003] pci_bus 0000:00: root bus resource [io  0x0000-0x0cf7 window]
[    0.520002] pci_bus 0000:00: root bus resource [io  0x0d00-0xffff window]
[    0.524002] pci_bus 0000:00: root bus resource [mem 0x000a0000-0x000bffff window]
[    0.527598] pci_bus 0000:00: root bus resource [mem 0x40000000-0xfdffffff window]
[    0.528002] pci_bus 0000:00: root bus resource [bus 00-ff]
[    0.538247] pci 0000:00:01.1: legacy IDE quirk: reg 0x10: [io  0x01f0-0x01f7]
[    0.540002] pci 0000:00:01.1: legacy IDE quirk: reg 0x14: [io  0x03f6]
[    0.544002] pci 0000:00:01.1: legacy IDE quirk: reg 0x18: [io  0x0170-0x0177]
[    0.548001] pci 0000:00:01.1: legacy IDE quirk: reg 0x1c: [io  0x0376]
[    0.565108] pci 0000:00:07.0: quirk: [io  0x4000-0x403f] claimed by PIIX4 ACPI
[    0.568022] pci 0000:00:07.0: quirk: [io  0x4100-0x410f] claimed by PIIX4 SMB
[    0.576761] ACPI: PCI Interrupt Link [LNKA] (IRQs 5 9 10 *11)
[    0.580872] ACPI: PCI Interrupt Link [LNKB] (IRQs 5 9 *10 11)
[    0.584959] ACPI: PCI Interrupt Link [LNKC] (IRQs 5 *9 10 11)
[    0.589366] ACPI: PCI Interrupt Link [LNKD] (IRQs 5 9 10 *11)
[    0.593575] ACPI: Enabled 2 GPEs in block 00 to 07
[    0.596142] vgaarb: setting as boot device: PCI:0000:00:02.0
[    0.598710] vgaarb: device added: PCI:0000:00:02.0,decodes=io+mem,owns=io+mem,locks=none
[    0.600003] vgaarb: loaded
[    0.604001] vgaarb: bridge control possible 0000:00:02.0
[    0.608218] SCSI subsystem initialized
[    0.610210] ACPI: bus type USB registered
[    0.612025] usbcore: registered new interface driver usbfs
[    0.614645] usbcore: registered new interface driver hub
[    0.616005] usbcore: registered new device driver usb
[    0.620282] PCI: Using ACPI for IRQ routing
[    0.624449] NetLabel: Initializing
[    0.626188] NetLabel:  domain hash size = 128
[    0.628001] NetLabel:  protocols = UNLABELED CIPSOv4
[    0.630497] NetLabel:  unlabeled traffic allowed by default
[    0.632066] amd_nb: Cannot enumerate AMD northbridges
[    0.636203] clocksource: Switched to clocksource kvm-clock
[    0.644027] AppArmor: AppArmor Filesystem Enabled
[    0.644027] pnp: PnP ACPI init
[    0.644027] pnp: PnP ACPI: found 3 devices
[    0.690044] clocksource: acpi_pm: mask: 0xffffff max_cycles: 0xffffff, max_idle_ns: 2085701024 ns
[    0.692290] NET: Registered protocol family 2
[    0.698346] TCP established hash table entries: 8192 (order: 4, 65536 bytes)
[    0.701895] TCP bind hash table entries: 8192 (order: 5, 131072 bytes)
[    0.705627] TCP: Hash tables configured (established 8192 bind 8192)
[    0.705756] UDP hash table entries: 512 (order: 2, 16384 bytes)
[    0.705756] UDP-Lite hash table entries: 512 (order: 2, 16384 bytes)
[    0.705756] NET: Registered protocol family 1
[    0.705756] pci 0000:00:00.0: Limiting direct PCI/PCI transfers
[    0.705756] pci 0000:00:01.0: Activating ISA DMA hang workarounds
[    0.705756] Unpacking initramfs...
[    0.705756] Freeing initrd memory: 14888K
[    0.705756] clocksource: tsc: mask: 0xffffffffffffffff max_cycles: 0x2868ee793d5, max_idle_ns: 440795215546 ns
[    0.705756] platform rtc_cmos: registered platform RTC device (no PNP device found)
[    0.705756] Scanning for low memory corruption every 60 seconds
[    0.945350] audit: initializing netlink subsys (disabled)
[    0.948699] audit: type=2000 audit(1677503182.992:1): initialized
[    0.952297] Initialise system trusted keyring
[    0.955530] HugeTLB registered 2 MB page size, pre-allocated 0 pages
[    0.959923] zbud: loaded
[    0.961998] VFS: Disk quotas dquot_6.6.0
[    0.964008] VFS: Dquot-cache hash table entries: 512 (order 0, 4096 bytes)
[    0.967683] squashfs: version 4.0 (2009/01/31) Phillip Lougher
[    0.971405] fuse init (API version 7.23)
[    0.974015] Key type big_key registered
[    0.975975] Allocating IMA MOK and blacklist keyrings.
[    0.988130] Key type asymmetric registered
[    0.990339] Asymmetric key parser 'x509' registered
[    0.992877] Block layer SCSI generic (bsg) driver version 0.4 loaded (major 249)
[    0.996845] io scheduler noop registered
[    0.998830] io scheduler deadline registered (default)
[    1.001466] io scheduler cfq registered
[    1.003445] pci_hotplug: PCI Hot Plug PCI Core version: 0.5
[    1.006703] pciehp: PCI Express Hot Plug Controller Driver version: 0.4
[    1.010447] ACPI: AC Adapter [AC] (on-line)
[    1.012933] input: Power Button as /devices/LNXSYSTM:00/LNXPWRBN:00/input/input0
[    1.017058] ACPI: Power Button [PWRF]
[    1.019218] input: Sleep Button as /devices/LNXSYSTM:00/LNXSLPBN:00/input/input1
[    1.023169] ACPI: Sleep Button [SLPF]
[    1.025719] GHES: HEST is not enabled!
[    1.026683] ACPI: Battery Slot [BAT0] (battery present)
[    1.030770] Serial: 8250/16550 driver, 32 ports, IRQ sharing enabled
[    1.057223] 00:02: ttyS0 at I/O 0x3f8 (irq = 4, base_baud = 115200) is a 16550A
[    1.073534] Linux agpgart interface v0.103
[    1.083935] loop: module loaded
[    1.087494] scsi host0: ata_piix
[    1.090044] scsi host1: ata_piix
[    1.091927] ata1: PATA max UDMA/33 cmd 0x1f0 ctl 0x3f6 bmdma 0xd000 irq 14
[    1.095638] ata2: PATA max UDMA/33 cmd 0x170 ctl 0x376 bmdma 0xd008 irq 15
[    1.099388] libphy: Fixed MDIO Bus: probed
[    1.101815] tun: Universal TUN/TAP device driver, 1.6
[    1.104336] tun: (C) 1999-2004 Max Krasnyansky <maxk@qualcomm.com>
[    1.107817] PPP generic driver version 2.4.2
[    1.110652] ehci_hcd: USB 2.0 'Enhanced' Host Controller (EHCI) Driver
[    1.114241] ehci-pci: EHCI PCI platform driver
[    1.116629] ehci-platform: EHCI generic platform driver
[    1.119127] ohci_hcd: USB 1.1 'Open' Host Controller (OHCI) Driver
[    1.122233] ohci-pci: OHCI PCI platform driver
[    1.124392] ohci-platform: OHCI generic platform driver
[    1.127018] uhci_hcd: USB Universal Host Controller Interface driver
[    1.130173] i8042: PNP: PS/2 Controller [PNP0303:PS2K,PNP0f03:PS2M] at 0x60,0x64 irq 1,12
[    1.136243] serio: i8042 KBD port at 0x60,0x64 irq 1
[    1.138771] serio: i8042 AUX port at 0x60,0x64 irq 12
[    1.142075] mousedev: PS/2 mouse device common for all mice
[    1.147469] rtc_cmos rtc_cmos: rtc core: registered rtc_cmos as rtc0
[    1.151183] input: AT Translated Set 2 keyboard as /devices/platform/i8042/serio0/input/input2
[    1.155572] rtc_cmos rtc_cmos: alarms up to one day, 114 bytes nvram
[    1.159589] i2c /dev entries driver
[    1.162566] device-mapper: uevent: version 1.0.3
[    1.165645] device-mapper: ioctl: 4.34.0-ioctl (2015-10-28) initialised: dm-devel@redhat.com
[    1.170257] ledtrig-cpu: registered to indicate activity on CPUs
[    1.175135] NET: Registered protocol family 10
[    1.177930] NET: Registered protocol family 17
[    1.180249] Key type dns_resolver registered
[    1.184112] registered taskstats version 1
[    1.186193] Loading compiled-in X.509 certificates
[    1.189261] Loaded X.509 cert 'Build time autogenerated kernel key: cf00e047681d67edb2720680708b7d9498083038'
[    1.193990] zswap: loaded using pool lzo/zbud
[    1.200243] Key type trusted registered
[    1.208941] Key type encrypted registered
[    1.210921] AppArmor: AppArmor sha1 policy hashing enabled
[    1.213659] ima: No TPM chip found, activating TPM-bypass!
[    1.216399] ima: Allocated hash algorithm: sha1
[    1.218610] evm: HMAC attrs: 0x1
[    1.221236]   Magic number: 11:447:130
[    1.223230] acpi device:05: hash matches
[    1.225653] rtc_cmos rtc_cmos: setting system clock to 2023-02-27 13:06:19 UTC (1677503179)
[    1.231101] BIOS EDD facility v0.16 2004-Jun-25, 0 devices found
[    1.234414] EDD information not available.
[    1.293044] Freeing unused kernel memory: 1492K
[    1.295927] Write protecting the kernel read-only data: 14336k
[    1.299691] Freeing unused kernel memory: 1584K
[    1.302388] Freeing unused kernel memory: 52K
Loading, please wait...
starting version 229
[    1.324226] random: systemd-udevd: uninitialized urandom read (16 bytes read, 5 bits of entropy available)
[    1.324920] random: udevadm: uninitialized urandom read (16 bytes read, 5 bits of entropy available)
[    1.324947] random: udevadm: uninitialized urandom read (16 bytes read, 5 bits of entropy available)
[    1.331336] random: udevadm: uninitialized urandom read (16 bytes read, 5 bits of entropy available)
[    1.331377] random: udevadm: uninitialized urandom read (16 bytes read, 5 bits of entropy available)
[    1.331489] random: udevadm: uninitialized urandom read (16 bytes read, 5 bits of entropy available)
[    1.331530] random: udevadm: uninitialized urandom read (16 bytes read, 5 bits of entropy available)
[    1.331607] random: udevadm: uninitialized urandom read (16 bytes read, 5 bits of entropy available)
[    1.331649] random: udevadm: uninitialized urandom read (16 bytes read, 5 bits of entropy available)
[    1.331688] random: udevadm: uninitialized urandom read (16 bytes read, 5 bits of entropy available)
[    1.419866] e1000: Intel(R) PRO/1000 Network Driver - version 7.3.21-k8-NAPI
[    1.423896] e1000: Copyright (c) 1999-2006 Intel Corporation.
[    1.429510] Fusion MPT base driver 3.04.20
[    1.433143] Copyright (c) 1999-2008 LSI Corporation
[    1.459114] SSE version of gcm_enc/dec engaged.
[    1.466802] Fusion MPT SPI Host driver 3.04.20
[    1.901943] e1000 0000:00:03.0 eth0: (PCI:33MHz:32-bit) 02:be:82:6b:cc:1d
[    1.906215] e1000 0000:00:03.0 eth0: Intel(R) PRO/1000 Network Connection
[    1.914208] e1000 0000:00:03.0 enp0s3: renamed from eth0
[    1.919479] mptbase: ioc0: Initiating bringup
[    1.923684] input: ImExPS/2 Generic Explorer Mouse as /devices/platform/i8042/serio1/input/input4
[    2.003435] ioc0: LSI53C1030 A0: Capabilities={Initiator}
[    2.175729] scsi host2: ioc0: LSI53C1030 A0, FwRev=00000000h, Ports=1, MaxQ=256, IRQ=20
[    2.295121] scsi 2:0:0:0: Direct-Access     VBOX     HARDDISK         1.0  PQ: 0 ANSI: 5
[    2.300411] scsi target2:0:0: Beginning Domain Validation
[    2.310523] scsi target2:0:0: Domain Validation skipping write tests
[    2.313747] scsi target2:0:0: Ending Domain Validation
[    2.316813] scsi target2:0:0: asynchronous
[    2.321736] scsi 2:0:1:0: Direct-Access     VBOX     HARDDISK         1.0  PQ: 0 ANSI: 5
[    2.325687] scsi target2:0:1: Beginning Domain Validation
[    2.336826] scsi target2:0:1: Domain Validation skipping write tests
[    2.339877] scsi target2:0:1: Ending Domain Validation
[    2.342800] scsi target2:0:1: asynchronous
[    2.364721] sd 2:0:0:0: Attached scsi generic sg0 type 0
[    2.365181] sd 2:0:0:0: [sda] 83886080 512-byte logical blocks: (42.9 GB/40.0 GiB)
[    2.365749] sd 2:0:0:0: [sda] Write Protect is off
[    2.366094] sd 2:0:0:0: [sda] Incomplete mode parameter data
[    2.366095] sd 2:0:0:0: [sda] Assuming drive cache: write through
[    2.370483]  sda: sda1
[    2.372558] sd 2:0:0:0: [sda] Attached SCSI disk
[    2.389301] sd 2:0:1:0: Attached scsi generic sg1 type 0
[    2.390288] sd 2:0:1:0: [sdb] 20480 512-byte logical blocks: (10.5 MB/10.0 MiB)
[    2.391022] sd 2:0:1:0: [sdb] Write Protect is off
[    2.391482] sd 2:0:1:0: [sdb] Incomplete mode parameter data
[    2.391483] sd 2:0:1:0: [sdb] Assuming drive cache: write through
[    2.396412] sd 2:0:1:0: [sdb] Attached SCSI disk
Begin: Loading essential drivers ... [    3.842916] md: linear personality registered for level -1
[    3.849275] md: multipath personality registered for level -4
[    3.854858] md: raid0 personality registered for level 0
[    3.867454] md: raid1 personality registered for level 1
[    3.940092] raid6: sse2x1   gen() 16957 MB/s
[    4.008282] raid6: sse2x1   xor() 12188 MB/s
[    4.076694] raid6: sse2x2   gen() 25105 MB/s
[    4.144134] raid6: sse2x2   xor() 16598 MB/s
[    4.212395] raid6: sse2x4   gen() 25769 MB/s
[    4.280721] raid6: sse2x4   xor() 16359 MB/s
[    4.283449] raid6: using algorithm sse2x4 gen() 25769 MB/s
[    4.286173] raid6: .... xor() 16359 MB/s, rmw enabled
[    4.288757] raid6: using ssse3x2 recovery algorithm
[    4.292883] xor: measuring software checksum speed
[    4.332500]    prefetch64-sse: 30963.000 MB/sec
[    4.372496]    generic_sse: 27790.000 MB/sec
[    4.375581] xor: using function: prefetch64-sse (30963.000 MB/sec)
[    4.380405] async_tx: api initialized (async)
[    4.407862] md: raid6 personality registered for level 6
[    4.411647] md: raid5 personality registered for level 5
[    4.414572] md: raid4 personality registered for level 4
[    4.429159] md: raid10 personality registered for level 10
done.
Begin: Running /scripts/init-premount ... done.
Begin: Mounting root file system ... Begin: Running /scripts/local-top ... done.
Begin: Running /scripts/local-premount ... [    4.484272] Btrfs loaded
Scanning for Btrfs filesystems
done.
Warning: fsck not present, so skipping root file system
[    4.523588] EXT4-fs (sda1): mounted filesystem with ordered data mode. Opts: (null)
done.
Begin: Running /scripts/local-bottom ... done.
Begin: Running /scripts/init-bottom ... done.
[    4.635337] systemd[1]: systemd 229 running in system mode. (+PAM +AUDIT +SELINUX +IMA +APPARMOR +SMACK +SYSVINIT +UTMP +LIBCRYPTSETUP +GCRYPT +GNUTLS +ACL +XZ -LZ4 +SECCOMP +BLKID +ELFUTILS +KMOD -IDN)
[    4.645532] systemd[1]: Detected virtualization oracle.
[    4.648707] systemd[1]: Detected architecture x86-64.

Welcome to [1mUbuntu 16.04.7 LTS[0m!

[    4.658577] systemd[1]: Set hostname to <ubuntu>.
[    4.666015] systemd[1]: Initializing machine ID from random generator.
[    4.670005] systemd[1]: Installed transient /etc/machine-id file.
[    4.810118] systemd[1]: Listening on Journal Audit Socket.
[[0;32m  OK  [0m] Listening on Journal Audit Socket.
[    4.816887] systemd[1]: Listening on Journal Socket.
[[0;32m  OK  [0m] Listening on Journal Socket.
[    4.823310] systemd[1]: Reached target Encrypted Volumes.
[[0;32m  OK  [0m] Reached target Encrypted Volumes.
[    4.829296] systemd[1]: Set up automount Arbitrary Executable File Formats File System Automount Point.
[[0;32m  OK  [0m] Set up automount Arbitrary Executab...ats File System Automount Point.
[    4.837784] systemd[1]: Created slice User and Session Slice.
[[0;32m  OK  [0m] Created slice User and Session Slice.
[    4.844031] systemd[1]: Listening on Journal Socket (/dev/log).
[[0;32m  OK  [0m] Listening on Journal Socket (/dev/log).
[    4.850234] systemd[1]: Started Trigger resolvconf update for networkd DNS.
[[0;32m  OK  [0m] Started Trigger resolvconf update for networkd DNS.
[    4.857191] systemd[1]: Listening on LVM2 metadata daemon socket.
[[0;32m  OK  [0m] Listening on LVM2 metadata daemon socket.
[    4.863630] systemd[1]: Reached target User and Group Name Lookups.
[[0;32m  OK  [0m] Reached target User and Group Name Lookups.
[    4.870015] systemd[1]: Listening on fsck to fsckd communication Socket.
[[0;32m  OK  [0m] Listening on fsck to fsckd communication Socket.
[    4.876793] systemd[1]: Listening on /dev/initctl Compatibility Named Pipe.
[[0;32m  OK  [0m] Listening on /dev/initctl Compatibility Named Pipe.
[    4.883662] systemd[1]: Listening on Device-mapper event daemon FIFOs.
[[0;32m  OK  [0m] Listening on Device-mapper event daemon FIFOs.
[    4.890253] systemd[1]: Listening on Syslog Socket.
[[0;32m  OK  [0m] Listening on Syslog Socket.
[    4.895802] systemd[1]: Reached target System Time Synchronized.
[[0;32m  OK  [0m] Reached target System Time Synchronized.
[    4.902228] systemd[1]: Listening on LVM2 poll daemon socket.
[[0;32m  OK  [0m] Listening on LVM2 poll daemon socket.
[    4.908761] systemd[1]: Created slice System Slice.
[[0;32m  OK  [0m] Created slice System Slice.
[    4.924859] systemd[1]: Starting Set console keymap...
         Starting Set console keymap...
[    4.934322] systemd[1]: Starting Load Kernel Modules...
         Starting Load Kernel Modules...
[    4.943645] systemd[1]: Starting Journal Service...
         Starting Journal Service...
[    4.951116] systemd[1]: Starting Nameserver information manager...
[    4.952198] Loading iSCSI transport class v2.0-870.
         Starting Nameserver information manager...
[    4.964899] systemd[1]: Starting Monitoring of LVM2 mirrors, snapshots etc. using dmeventd or progress polling...
         Starting Monitoring of LVM2 mirrors... dmeventd or progress polling...
[    4.976584] systemd[1]: Starting Create list of required static device nodes for the current kernel...
         Starting Create list of required st... nodes for the current kernel...
[    4.991790] systemd[1]: Mounting POSIX Message Queue File System...
[    4.996783] iscsi: registered transport (tcp)
         Mounting POSIX Message Queue File System...
[    5.005590] systemd[1]: Reached target Slices.
[[0;32m  OK  [0m] Reached target Slices.
[    5.010998] systemd[1]: Created slice system-serial\x2dgetty.slice.
[[0;32m  OK  [0m] Created slice system-serial\x2dgetty.slice.
[    5.028329] systemd[1]: Starting Uncomplicated firewall...
         Starting Uncomplicated firewall...
[    5.035997] systemd[1]: Starting File System Check on Root Device...
         Starting File System Check on Root Device...
[    5.047867] systemd[1]: Mounting Debug File System...
         Mounting Debug File System...
[    5.054989] systemd[1]: Listening on udev Control Socket.
[[0;32m  OK  [0m] Listening on udev Control Socket.
[    5.063785] systemd[1]: Mounting Huge Pages File System...
         Mounting Huge Pages File System...
[    5.073443] systemd[1]: Reached target Swap.
[[0;32m  OK  [0m] Reached target Swap.
[    5.081907] systemd[1]: Started Forward Password Requests to Wall Directory Watch.
[[0;32m  OK  [0m] Started Forward Password Requests to Wall Directory Watch.
[    5.091335] systemd[1]: Listening on udev Kernel Socket.
[[0;32m  OK  [0m] Listening on udev Kernel Socket.
[    5.102980] iscsi: registered transport (iser)
[    5.109155] systemd[1]: Mounted Huge Pages File System.
[[0;32m  OK  [0m] Mounted Huge Pages File System.
[    5.115761] systemd[1]: Mounted POSIX Message Queue File System.
[[0;32m  OK  [0m] Mounted POSIX Message Queue File System.
[    5.122874] systemd[1]: Mounted Debug File System.
[[0;32m  OK  [0m] Mounted Debug File System.
[    5.129298] systemd[1]: Started Journal Service.
[[0;32m  OK  [0m] Started Journal Service.
[    5.134738] random: nonblocking pool is initialized
[[0;32m  OK  [0m] Started Set console keymap.
[[0;32m  OK  [0m] Started Load Kernel Modules.
[[0;32m  OK  [0m] Started Create list of required sta...ce nodes for the current kernel.
[[0;32m  OK  [0m] Started Uncomplicated firewall.
[[0;32m  OK  [0m] Started File System Check on Root Device.
[[0;32m  OK  [0m] Started Nameserver information manager.
[[0;32m  OK  [0m] Started LVM2 metadata daemon.
[[0;32m  OK  [0m] Started File System Check Daemon to report status.
         Starting Remount Root and Kernel File Systems...
[    5.190706] EXT4-fs (sda1): re-mounted. Opts: (null)
         Starting Create Static Device Nodes in /dev...
         Starting Apply Kernel Variables...
         Mounting FUSE Control File System...
[[0;32m  OK  [0m] Mounted FUSE Control File System.
[[0;32m  OK  [0m] Started Remount Root and Kernel File Systems.
[[0;32m  OK  [0m] Started Create Static Device Nodes in /dev.
[[0;32m  OK  [0m] Started Apply Kernel Variables.
         Starting udev Kernel Device Manager...
         Starting Flush Journal to Persistent Storage...
         Starting udev Coldplug all Devices...
         Starting Load/Save Random Seed...
[[0;32m  OK  [0m] Started Load/Save Random Seed.
[[0;32m  OK  [0m] Started Monitoring of LVM2 mirrors,...ng dmeventd or progress polling.
[[0;32m  OK  [0m] Reached target Local File Systems (Pre).
[[0;32m  OK  [0m] Reached target Local File Systems.
         Starting LSB: AppArmor initialization...
         Starting Tell Plymouth To Write Out Runtime Data...
         Starting Set console font and keymap...
         Starting Commit a transient machine-id on disk...
         Starting Initial cloud-init job (pre-networking)...
[[0;32m  OK  [0m] Started udev Kernel Device Manager.
[[0;32m  OK  [0m] Started Flush Journal to Persistent Storage.
[[0;32m  OK  [0m] Started udev Coldplug all Devices.
[[0;32m  OK  [0m] Started Tell Plymouth To Write Out Runtime Data.
[[0;32m  OK  [0m] Started Commit a transient machine-id on disk.
[[0;32m  OK  [0m] Found device /dev/ttyS0.
[[0;32m  OK  [0m] Listening on Load/Save RF Kill Switch Status /dev/rfkill Watch.
         Starting Create Volatile Files and Directories...
[[0;32m  OK  [0m] Started Dispatch Password Requests to Console Directory Watch.
[[0;32m  OK  [0m] Started Create Volatile Files and Directories.
         Starting Update UTMP about System Boot/Shutdown...
[[0;32m  OK  [0m] Started Update UTMP about System Boot/Shutdown.
[[0;32m  OK  [0m] Started LSB: AppArmor initialization.
         Starting Load AppArmor profiles managed internally by snapd...
[    6.512427] cloud-init[501]: Cloud-init v. 21.1-19-gbad84ad4-0ubuntu1~16.04.2 running 'init-local' at Mon, 27 Feb 2023 13:06:24 +0000. Up 6.26 seconds.
[[0;32m  OK  [0m] Started Set console font and keymap.
[[0;32m  OK  [0m] Started Load AppArmor profiles managed internally by snapd.
[[0;32m  OK  [0m] Started Initial cloud-init job (pre-networking).
[[0;32m  OK  [0m] Reached target Network (Pre).
         Starting Raise network interfaces...
[[0;32m  OK  [0m] Created slice system-getty.slice.
[[0;32m  OK  [0m] Started Raise network interfaces.
[[0;32m  OK  [0m] Reached target Network.
         Starting Initial cloud-init job (metadata service crawler)...
[    7.669825] cloud-init[941]: Cloud-init v. 21.1-19-gbad84ad4-0ubuntu1~16.04.2 running 'init' at Mon, 27 Feb 2023 13:06:25 +0000. Up 7.35 seconds.
[    7.673056] cloud-init[941]: ci-info: ++++++++++++++++++++++++++++++++++++++Net device info++++++++++++++++++++++++++++++++++++++
[    7.676656] cloud-init[941]: ci-info: +--------+------+----------------------------+---------------+--------+-------------------+
[    7.679750] cloud-init[941]: ci-info: | Device |  Up  |          Address           |      Mask     | Scope  |     Hw-Address    |
[    7.683273] cloud-init[941]: ci-info: +--------+------+----------------------------+---------------+--------+-------------------+
[    7.686436] cloud-init[941]: ci-info: | enp0s3 | True |         10.0.2.15          | 255.255.255.0 | global | 02:be:82:6b:cc:1d |
[    7.689512] cloud-init[941]: ci-info: | enp0s3 | True | fe80::be:82ff:fe6b:cc1d/64 |       .       |  link  | 02:be:82:6b:cc:1d |
[    7.692684] cloud-init[941]: ci-info: |   lo   | True |         127.0.0.1          |   255.0.0.0   |  host  |         .         |
[    7.695776] cloud-init[941]: ci-info: |   lo   | True |          ::1/128           |       .       |  host  |         .         |
[    7.698946] cloud-init[941]: ci-info: +--------+------+----------------------------+---------------+--------+-------------------+
[    7.702096] cloud-init[941]: ci-info: +++++++++++++++++++++++++++Route IPv4 info++++++++++++++++++++++++++++
[    7.704987] cloud-init[941]: ci-info: +-------+-------------+----------+---------------+-----------+-------+
[    7.707675] cloud-init[941]: ci-info: | Route | Destination | Gateway  |    Genmask    | Interface | Flags |
[    7.710468] cloud-init[941]: ci-info: +-------+-------------+----------+---------------+-----------+-------+
[    7.713554] cloud-init[941]: ci-info: |   0   |   0.0.0.0   | 10.0.2.2 |    0.0.0.0    |   enp0s3  |   UG  |
[    7.716500] cloud-init[941]: ci-info: |   1   |   10.0.2.0  | 0.0.0.0  | 255.255.255.0 |   enp0s3  |   U   |
[    7.719273] cloud-init[941]: ci-info: +-------+-------------+----------+---------------+-----------+-------+
[    7.722214] cloud-init[941]: ci-info: +++++++++++++++++++Route IPv6 info+++++++++++++++++++
[    7.724753] cloud-init[941]: ci-info: +-------+-------------+---------+-----------+-------+
[    7.727125] cloud-init[941]: ci-info: | Route | Destination | Gateway | Interface | Flags |
[    7.729542] cloud-init[941]: ci-info: +-------+-------------+---------+-----------+-------+
[    7.731950] cloud-init[941]: ci-info: |   0   |  fe80::/64  |    ::   |   enp0s3  |   U   |
[    7.734446] cloud-init[941]: ci-info: |   3   |   ff00::/8  |    ::   |   enp0s3  |   U   |
[    7.737144] cloud-init[941]: ci-info: +-------+-------------+---------+-----------+-------+
[    7.739687] cloud-init[941]: Generating public/private rsa key pair.
[    7.741954] cloud-init[941]: Your identification has been saved in /etc/ssh/ssh_host_rsa_key.
[    7.744659] cloud-init[941]: Your public key has been saved in /etc/ssh/ssh_host_rsa_key.pub.
[    7.747265] cloud-init[941]: The key fingerprint is:
[    7.749180] cloud-init[941]: SHA256:NDqUDhKEyGfpc4z37l4IU7nXX7qcq2JFjevYWujzGE8 root@ubuntu-xenial
[    7.751846] cloud-init[941]: The key's randomart image is:
[    7.754007] cloud-init[941]: +---[RSA 2048]----+
[    7.755945] cloud-init[941]: |ooo .            |
[    7.756723] cloud-init[941]: |o. =   ..        |
[    7.757030] cloud-init[941]: |  = + ooo   o    |
[    7.757231] cloud-init[941]: |   = B.o...o .   |
[    7.757436] cloud-init[941]: |    +o=.S....  . |
[    7.757645] cloud-init[941]: |      ooo .o. o  |
[    7.757852] cloud-init[941]: |      .. +=E o   |
[    7.758059] cloud-init[941]: |       .o=*o. o  |
[    7.758282] cloud-init[941]: |      oo.+=+.=.  |
[    7.758469] cloud-init[941]: +----[SHA256]-----+
[    7.758676] cloud-init[941]: Generating public/private dsa key pair.
[    7.758883] cloud-init[941]: Your identification has been saved in /etc/ssh/ssh_host_dsa_key.
[    7.759102] cloud-init[941]: Your public key has been saved in /etc/ssh/ssh_host_dsa_key.pub.
[    7.759294] cloud-init[941]: The key fingerprint is:
[    7.759503] cloud-init[941]: SHA256:kJ96rZdlsqkrNHv0Ce9VVApyOWk/0KC6rxkNwcLrAZI root@ubuntu-xenial
[    7.759706] cloud-init[941]: The key's randomart image is:
[    7.759922] cloud-init[941]: +---[DSA 1024]----+
[    7.760366] cloud-init[941]: |          . +=  .|
[    7.760570] cloud-init[941]: |   . . o   +*..o |
[    7.760776] cloud-init[941]: |  E . = o .. +o  |
[    7.760984] cloud-init[941]: |   . . = +   .o  |
[    7.761189] cloud-init[941]: |      o S     .. |
[    7.761408] cloud-init[941]: |     .ooo=. o.   |
[    7.761638] cloud-init[941]: |     .o+++oO.    |
[    7.761853] cloud-init[941]: |      o..=O.     |
[    7.762056] cloud-init[941]: |       o**o      |
[    7.762265] cloud-init[941]: +----[SHA256]-----+
[    7.762490] cloud-init[941]: Generating public/private ecdsa key pair.
[    7.762685] cloud-init[941]: Your identification has been saved in /etc/ssh/ssh_host_ecdsa_key.
[    7.762884] cloud-init[941]: Your public key has been saved in /etc/ssh/ssh_host_ecdsa_key.pub.
[    7.763088] cloud-init[941]: The key fingerprint is:
[    7.763294] cloud-init[941]: SHA256:ecRu0w3d6EmV9NHwUjmSSPlVGm/IvRHFwsIGRHpO360 root@ubuntu-xenial
[    7.763499] cloud-init[941]: The key's randomart image is:
[    7.763711] cloud-init[941]: +---[ECDSA 256]---+
[    7.763917] cloud-init[941]: |         o=+o.=*@|
[    7.764365] cloud-init[941]: |         o o+=o^*|
[    7.764582] cloud-init[941]: |        . =.o.@oO|
[    7.764775] cloud-init[941]: |         B o B =o|
[    7.764978] cloud-init[941]: |        S * o =..|
[    7.765186] cloud-init[941]: |         o .   . |
[    7.765390] cloud-init[941]: |              E  |
[    7.765607] cloud-init[941]: |                 |
[    7.765805] cloud-init[941]: |                 |
[    7.766013] cloud-init[941]: +----[SHA256]-----+
[    7.766217] cloud-init[941]: Generating public/private ed25519 key pair.
[    7.766427] cloud-init[941]: Your identification has been saved in /etc/ssh/ssh_host_ed25519_key.
[    7.766653] cloud-init[941]: Your public key has been saved in /etc/ssh/ssh_host_ed25519_key.pub.
[    7.766852] cloud-init[941]: The key fingerprint is:
[    7.767062] cloud-init[941]: SHA256:8BnjI7WqHJRNOGDDbMsy5oGb8C89nyTcrHVvQBiRK6Q root@ubuntu-xenial
[    7.767265] cloud-init[941]: The key's randomart image is:
[    7.767473] cloud-init[941]: +--[ED25519 256]--+
[    7.767680] cloud-init[941]: | o+   .o         |
[    7.767889] cloud-init[941]: | .+o..o          |
[    7.768179] cloud-init[941]: |.o +o o++        |
[    7.768333] cloud-init[941]: |=oE .=o=.=       |
[    7.768564] cloud-init[941]: |+*. o.o.S        |
[    7.768773] cloud-init[941]: |o..o o o..       |
[    7.768968] cloud-init[941]: |   o+ * ..       |
[    7.769192] cloud-init[941]: |  ..+B o ..      |
[    7.769424] cloud-init[941]: |   .+oo  ..      |
[    7.769601] cloud-init[941]: +----[SHA256]-----+
[[0;32m  OK  [0m] Started Initial cloud-init job (metadata service crawler).
[[0;32m  OK  [0m] Reached target Network is Online.
         Starting iSCSI initiator daemon (iscsid)...
[[0;32m  OK  [0m] Reached target Cloud-config availability.
[[0;32m  OK  [0m] Reached target System Initialization.
[[0;32m  OK  [0m] Started ACPI Events Check.
[[0;32m  OK  [0m] Reached target Paths.
[[0;32m  OK  [0m] Listening on D-Bus System Message Bus Socket.
[[0;32m  OK  [0m] Started Ubuntu Advantage update messaging.
[[0;32m  OK  [0m] Started Message of the Day.
[[0;32m  OK  [0m] Listening on ACPID Listen Socket.
         Starting LXD - unix socket.
[[0;32m  OK  [0m] Listening on UUID daemon activation socket.
[[0;32m  OK  [0m] Started Daily Cleanup of Temporary Directories.
         Starting Socket activation for snappy daemon.
[[0;32m  OK  [0m] Started Daily apt download activities.
[[0;32m  OK  [0m] Started Daily apt upgrade and clean activities.
[[0;32m  OK  [0m] Reached target Timers.
[[0;32m  OK  [0m] Listening on LXD - unix socket.
[[0;32m  OK  [0m] Listening on Socket activation for snappy daemon.
[[0;32m  OK  [0m] Started iSCSI initiator daemon (iscsid).
         Starting Login to default iSCSI targets...
[[0;32m  OK  [0m] Reached target Sockets.
[[0;32m  OK  [0m] Reached target Basic System.
         Starting /etc/rc.local Compatibility...
         Starting System Logging Service...
         Starting Virtualbox guest utils...
[[0;32m  OK  [0m] Started D-Bus System Message Bus.
[[0;32m  OK  [0m] Started Deferred execution scheduler.
         Starting LSB: MD monitoring daemon...
         Starting Accounts Service...
[[0;32m  OK  [0m] Started ACPI event daemon.
         Starting Pollinate to seed the pseudo random number generator...
         Starting LSB: Record successful boot for GRUB...
         Starting Login Service...
[[0;32m  OK  [0m] Started Regular background program processing daemon.
[[0;32m  OK  [0m] Started FUSE filesystem for LXC.
         Starting Snap Daemon...
         Starting LXD - container startup/shutdown...
[[0;32m  OK  [0m] Started System Logging Service.
[[0;32m  OK  [0m] Started /etc/rc.local Compatibility.
[[0;32m  OK  [0m] Started LSB: Record successful boot for GRUB.
[[0;32m  OK  [0m] Started Login Service.
[[0;32m  OK  [0m] Started LSB: MD monitoring daemon.
[[0;32m  OK  [0m] Started Unattended Upgrades Shutdown.
         Starting Authenticate and Authorize Users to Run Privileged Tasks...
[[0;32m  OK  [0m] Started Login to default iSCSI targets.
[[0;32m  OK  [0m] Started Authenticate and Authorize Users to Run Privileged Tasks.
[[0;32m  OK  [0m] Started Accounts Service.
[[0;32m  OK  [0m] Reached target Remote File Systems (Pre).
[[0;32m  OK  [0m] Reached target Remote File Systems.
         Starting LSB: automatic crash report generation...
         Starting LSB: daemon to balance interrupts for SMP systems...
         Starting Permit User Sessions...
         Starting LSB: Set the CPU Frequency Scaling governor to "ondemand"...
[[0;32m  OK  [0m] Started LXD - container startup/shutdown.
[[0;32m  OK  [0m] Started Permit User Sessions.
         Starting Terminate Plymouth Boot Screen...
         Starting Hold until boot process finishes up...
[[0;32m  OK  [0m] Started Virtualbox guest utils.
[[0;32m  OK  [0m] Started LSB: automatic crash report generation.
[[0;32m  OK  [0m] Started LSB: daemon to balance interrupts for SMP systems.
[[0;32m  OK  [0m] Started LSB: Set the CPU Frequency Scaling governor to "ondemand".
[[0;32m  OK  [0m] Started Terminate Plymouth Boot Screen.
[[0;32m  OK  [0m] Started Hold until boot process finishes up.
[[0;32m  OK  [0m] Started Snap Daemon.
         Starting Wait until snapd is fully seeded...
[[0;32m  OK  [0m] Started Getty on tty1.
         Starting Set console scheme...
[[0;32m  OK  [0m] Started Serial Getty on ttyS0.
[[0;32m  OK  [0m] Reached target Login Prompts.
[[0;32m  OK  [0m] Started Set console scheme.
[[0;32m  OK  [0m] Started Pollinate to seed the pseudo random number generator.
         Starting OpenBSD Secure Shell server...
[[0;32m  OK  [0m] Started OpenBSD Secure Shell server.
[[0;32m  OK  [0m] Started Wait until snapd is fully seeded.
[[0;32m  OK  [0m] Reached target Multi-User System.
[[0;32m  OK  [0m] Reached target Graphical Interface.
         Starting Update UTMP about System Runlevel Changes...
         Starting Apply the settings specified in cloud-config...
[[0;32m  OK  [0m] Started Update UTMP about System Runlevel Changes.
[    9.770064] cloud-init[1279]: Generating locales (this might take a while)...
[   10.358344] cloud-init[1279]:   en_US.UTF-8... done
[   10.360754] cloud-init[1279]: Generation complete.
[   10.582281] cloud-init[1279]: Cloud-init v. 21.1-19-gbad84ad4-0ubuntu1~16.04.2 running 'modules:config' at Mon, 27 Feb 2023 13:06:27 +0000. Up 9.69 seconds.
[[0;32m  OK  [0m] Started Apply the settings specified in cloud-config.
         Starting Execute cloud user/final scripts...
ci-info: no authorized SSH keys fingerprints found for user ubuntu.
<14>Feb 27 13:06:29 ec2: 
<14>Feb 27 13:06:29 ec2: #############################################################
<14>Feb 27 13:06:29 ec2: -----BEGIN SSH HOST KEY FINGERPRINTS-----
<14>Feb 27 13:06:29 ec2: 1024 SHA256:kJ96rZdlsqkrNHv0Ce9VVApyOWk/0KC6rxkNwcLrAZI root@ubuntu-xenial (DSA)
<14>Feb 27 13:06:29 ec2: 256 SHA256:ecRu0w3d6EmV9NHwUjmSSPlVGm/IvRHFwsIGRHpO360 root@ubuntu-xenial (ECDSA)
<14>Feb 27 13:06:29 ec2: 256 SHA256:8BnjI7WqHJRNOGDDbMsy5oGb8C89nyTcrHVvQBiRK6Q root@ubuntu-xenial (ED25519)
<14>Feb 27 13:06:29 ec2: 2048 SHA256:NDqUDhKEyGfpc4z37l4IU7nXX7qcq2JFjevYWujzGE8 root@ubuntu-xenial (RSA)
<14>Feb 27 13:06:29 ec2: -----END SSH HOST KEY FINGERPRINTS-----
<14>Feb 27 13:06:29 ec2: #############################################################
-----BEGIN SSH HOST KEY KEYS-----
ecdsa-sha2-nistp256 AAAAE2VjZHNhLXNoYTItbmlzdHAyNTYAAAAIbmlzdHAyNTYAAABBBFuGl1qPs0PdjxgnjEq41REHaOx3VKwbbZAy/SLcZC+7RoF+KytQNcS6UdDPXb8jnHgsbc80RTdMQ8z+QoI7K+s= root@ubuntu-xenial
ssh-ed25519 AAAAC3NzaC1lZDI1NTE5AAAAIGWiSWSdHaSoJULgextWN5jviOk3k+V+Ilfv4Y7LfgfG root@ubuntu-xenial
ssh-rsa AAAAB3NzaC1yc2EAAAADAQABAAABAQDJSeoLfgazCOtLZMjb9Nwf4f34kT6FqO115RktG7wBrmV2YRIXtdLE9SV9X973biKYFUauky/hkql916GCsmpBBmqCONuLgZHupG4NcCHDhrKuccM2aowi0ZAe5nfn7TN1eoXbCchxnSv+1S0zbmQuJMtD4a4INm0Kh4JTB5cuZrMNMvUVK7FHC3wEmrbVyiUWUnBQaCu6wtBU2fjFh+oIueYXsYNceXc/c3gvqXrUiEgtUYtRP1BVIB0D49Xp4WodjtsSzOqvjgCqBIPnfWGaerUVTIcUQl15V77z3bT7Gq/jWX5M6Q4XaBEi4ZmGTKO/jKZjwgP4nh0B6C96XFL7 root@ubuntu-xenial
-----END SSH HOST KEY KEYS-----
[   10.864349] cloud-init[1320]: Cloud-init v. 21.1-19-gbad84ad4-0ubuntu1~16.04.2 running 'modules:final' at Mon, 27 Feb 2023 13:06:29 +0000. Up 10.75 seconds.
[   10.867820] cloud-init[1320]: ci-info: no authorized SSH keys fingerprints found for user ubuntu.
[   10.870674] cloud-init[1320]: Cloud-init v. 21.1-19-gbad84ad4-0ubuntu1~16.04.2 finished at Mon, 27 Feb 2023 13:06:29 +0000. Datasource DataSourceNoCloud [seed=/dev/sdb][dsmode=net].  Up 10.86 seconds
[[0;32m  OK  [0m] Started Execute cloud user/final scripts.
[[0;32m  OK  [0m] Reached target Cloud-init target.

Ubuntu 16.04.7 LTS ubuntu-xenial ttyS0

ubuntu-xenial login: [[0;32m  OK  [0m] Stopped Unattended Upgrades Shutdown.
[[0;32m  OK  [0m] Stopped target Cloud-init target.
         Stopping ACPI event daemon...
[[0;32m  OK  [0m] Stopped Execute cloud user/final scripts.
[[0;32m  OK  [0m] Stopped Apply the settings specified in cloud-config.
[[0;32m  OK  [0m] Stopped target Cloud-config availability.
[[0;32m  OK  [0m] Stopped target Timers.
[[0;32m  OK  [0m] Stopped Message of the Day.
[[0;32m  OK  [0m] Stopped Ubuntu Advantage update messaging.
[[0;32m  OK  [0m] Stopped Daily Cleanup of Temporary Directories.
[[0;32m  OK  [0m] Stopped target Graphical Interface.
         Stopping Accounts Service...
[[0;32m  OK  [0m] Stopped target Multi-User System.
         Stopping Regular background program processing daemon...
         Stopping System Logging Service...
         Stopping Deferred execution scheduler...
         Stopping FUSE filesystem for LXC...
         Stopping Login Service...
         Stopping LSB: MD monitoring daemon...
[[0;32m  OK  [0m] Stopped Wait until snapd is fully seeded.
         Stopping LXD - container startup/shutdown...
         Stopping D-Bus System Message Bus...
[[0;32m  OK  [0m] Stopped target Login Prompts.
         Stopping LSB: Record successful boot for GRUB...
         Stopping Authenticate and Authorize Users to Run Privileged Tasks...
[[0;32m  OK  [0m] Closed Load/Save RF Kill Switch Status /dev/rfkill Watch.
         Stopping LSB: automatic crash report generation...
         Stopping OpenBSD Secure Shell server...
[[0;32m  OK  [0m] Stopped Daily apt upgrade and clean activities.
[[0;32m  OK  [0m] Stopped Daily apt download activities.
[[0;32m  OK  [0m] Stopped target System Time Synchronized.
         Stopping Virtualbox guest utils...
         Stopping LSB: daemon to balance interrupts for SMP systems...
         Stopping Serial Getty on ttyS0...
         Stopping Getty on tty1...
         Stopping LSB: Set the CPU Frequency Scaling governor to "ondemand"...
[[0;32m  OK  [0m] Unmounted /var/lib/lxcfs.
[[0;32m  OK  [0m] Stopped System Logging Service.
[[0;32m  OK  [0m] Stopped Deferred execution scheduler.
[[0;32m  OK  [0m] Stopped Accounts Service.
[[0;32m  OK  [0m] Stopped ACPI event daemon.
[[0;32m  OK  [0m] Stopped Regular background program processing daemon.
[[0;32m  OK  [0m] Stopped Login Service.
[[0;32m  OK  [0m] Stopped Authenticate and Authorize Users to Run Privileged Tasks.
[[0;32m  OK  [0m] Stopped Getty on tty1.
[[0;32m  OK  [0m] Stopped Serial Getty on ttyS0.
[[0;32m  OK  [0m] Stopped OpenBSD Secure Shell server.
[[0;32m  OK  [0m] Stopped D-Bus System Message Bus.
[[0;32m  OK  [0m] Stopped FUSE filesystem for LXC.
[[0;32m  OK  [0m] Stopped LXD - container startup/shutdown.
[[0;32m  OK  [0m] Stopped LSB: MD monitoring daemon.
[[0;32m  OK  [0m] Stopped LSB: Record successful boot for GRUB.
[[0;32m  OK  [0m] Stopped LSB: daemon to balance interrupts for SMP systems.
[[0;32m  OK  [0m] Stopped LSB: automatic crash report generation.
[[0;32m  OK  [0m] Stopped Virtualbox guest utils.
[[0;32m  OK  [0m] Stopped LSB: Set the CPU Frequency Scaling governor to "ondemand".
[[0;32m  OK  [0m] Removed slice system-serial\x2dgetty.slice.
         Stopping Permit User Sessions...
[[0;32m  OK  [0m] Removed slice system-getty.slice.
[[0;32m  OK  [0m] Stopped /etc/rc.local Compatibility.
[[0;32m  OK  [0m] Reached target Unmount All Filesystems.
[[0;32m  OK  [0m] Stopped Permit User Sessions.
[[0;32m  OK  [0m] Stopped target Basic System.
[[0;32m  OK  [0m] Stopped target Slices.
[[0;32m  OK  [0m] Removed slice User and Session Slice.
[[0;32m  OK  [0m] Stopped target Sockets.
[[0;32m  OK  [0m] Closed D-Bus System Message Bus Socket.
[[0;32m  OK  [0m] Closed ACPID Listen Socket.
[[0;32m  OK  [0m] Closed Syslog Socket.
[[0;32m  OK  [0m] Closed Socket activation for snappy daemon.
[[0;32m  OK  [0m] Closed LXD - unix socket.
[[0;32m  OK  [0m] Closed UUID daemon activation socket.
[[0;32m  OK  [0m] Stopped target Paths.
[[0;32m  OK  [0m] Stopped ACPI Events Check.
[[0;32m  OK  [0m] Stopped Dispatch Password Requests to Console Directory Watch.
[[0;32m  OK  [0m] Stopped Forward Password Requests to Wall Directory Watch.
[[0;32m  OK  [0m] Stopped target User and Group Name Lookups.
[[0;32m  OK  [0m] Stopped target System Initialization.
[[0;32m  OK  [0m] Stopped Commit a transient machine-id on disk.
         Stopping Load/Save Random Seed...
[[0;32m  OK  [0m] Stopped target Swap.
         Stopping Update UTMP about System Boot/Shutdown...
[[0;32m  OK  [0m] Stopped target Encrypted Volumes.
[[0;32m  OK  [0m] Stopped target Remote File Systems.
[[0;32m  OK  [0m] Stopped target Remote File Systems (Pre).
         Stopping Login to default iSCSI targets...
[[0;32m  OK  [0m] Stopped Load/Save Random Seed.
[[0;32m  OK  [0m] Stopped Update UTMP about System Boot/Shutdown.
[[0;32m  OK  [0m] Stopped Create Volatile Files and Directories.
[[0;32m  OK  [0m] Stopped Login to default iSCSI targets.
         Stopping iSCSI initiator daemon (iscsid)...
[[0;32m  OK  [0m] Stopped iSCSI initiator daemon (iscsid).
[[0;32m  OK  [0m] Stopped target Network is Online.
[[0;32m  OK  [0m] Stopped Initial cloud-init job (metadata service crawler).
[[0;32m  OK  [0m] Stopped target Network.
         Stopping Raise network interfaces...
[[0;32m  OK  [0m] Stopped Raise network interfaces.
[[0;32m  OK  [0m] Stopped Apply Kernel Variables.
[[0;32m  OK  [0m] Stopped target Network (Pre).
[[0;32m  OK  [0m] Stopped Initial cloud-init job (pre-networking).
[[0;32m  OK  [0m] Stopped Load Kernel Modules.
[[0;32m  OK  [0m] Stopped target Local File Systems.
[[0;32m  OK  [0m] Stopped target Local File Systems (Pre).
[[0;32m  OK  [0m] Stopped Create Static Device Nodes in /dev.
[[0;32m  OK  [0m] Stopped Remount Root and Kernel File Systems.
[[0;32m  OK  [0m] Reached target Shutdown.
[ 3939.896863] reboot: Power down
